// Jest Snapshot v1, https://goo.gl/fbAQLP

exports[`Board Component renders correctly 1`] = `
<div
  className="board"
>
  <div
    className="row"
  >
    <div
      className="top left square"
    />
    <div
      className="top square"
    />
    <div
      className="top square"
    />
    <div
      className="top square"
    />
    <div
      className="top square"
    />
    <div
      className="top square"
    />
    <div
      className="top square"
    />
    <div
      className="top square"
    />
    <div
      className="top square"
    />
    <div
      className="top square"
    />
    <div
      className="top square"
    />
    <div
      className="top square"
    />
    <div
      className="top square"
    />
    <div
      className="top square"
    />
    <div
      className="top square"
    />
    <div
      className="top right square"
    />
  </div>
  <div
    className="row"
  >
    <div
      className="left square"
    />
    <div
      className="square"
    />
    <div
      className="square"
    />
    <div
      className="square"
    />
    <div
      className="square"
    />
    <div
      className="square"
    />
    <div
      className="square"
    />
    <div
      className="square"
    />
    <div
      className="square"
    />
    <div
      className="square"
    />
    <div
      className="square"
    />
    <div
      className="square"
    />
    <div
      className="square"
    />
    <div
      className="square"
    />
    <div
      className="square"
    />
    <div
      className="right square"
    />
  </div>
  <div
    className="row"
  >
    <div
      className="left square"
    />
    <div
      className="square"
    />
    <div
      className="square"
    />
    <div
      className="square"
    />
    <div
      className="square"
    />
    <div
      className="square"
    />
    <div
      className="square"
    />
    <div
      className="square"
    />
    <div
      className="square"
    />
    <div
      className="square"
    />
    <div
      className="square"
    />
    <div
      className="square"
    />
    <div
      className="square"
    />
    <div
      className="square"
    />
    <div
      className="square"
    />
    <div
      className="right square"
    />
  </div>
  <div
    className="row"
  >
    <div
      className="left square"
    />
    <div
      className="square"
    />
    <div
      className="square"
    />
    <div
      className="square"
    />
    <div
      className="square"
    />
    <div
      className="square"
    />
    <div
      className="square"
    />
    <div
      className="square"
    />
    <div
      className="square"
    />
    <div
      className="square"
    />
    <div
      className="square"
    />
    <div
      className="square"
    />
    <div
      className="square"
    />
    <div
      className="square"
    />
    <div
      className="square"
    />
    <div
      className="right square"
    />
  </div>
  <div
    className="row"
  >
    <div
      className="left square"
    />
    <div
      className="square"
    />
    <div
      className="square"
    />
    <div
      className="square"
    />
    <div
      className="square"
    />
    <div
      className="square"
    />
    <div
      className="square"
    />
    <div
      className="square"
    />
    <div
      className="square"
    />
    <div
      className="square"
    />
    <div
      className="square"
    />
    <div
      className="square"
    />
    <div
      className="square"
    />
    <div
      className="square"
    />
    <div
      className="square"
    />
    <div
      className="right square"
    />
  </div>
  <div
    className="row"
  >
    <div
      className="left square"
    />
    <div
      className="square"
    />
    <div
      className="square"
    />
    <div
      className="square"
    />
    <div
      className="square"
    />
    <div
      className="square"
    />
    <div
      className="square"
    />
    <div
      className="square"
    />
    <div
      className="square"
    />
    <div
      className="square"
    />
    <div
      className="square"
    />
    <div
      className="square"
    />
    <div
      className="square"
    />
    <div
      className="square"
    />
    <div
      className="square"
    />
    <div
      className="right square"
    />
  </div>
  <div
    className="row"
  >
    <div
      className="left square"
    />
    <div
      className="square"
    />
    <div
      className="square"
    />
    <div
      className="square"
    />
    <div
      className="square"
    />
    <div
      className="square"
    />
    <div
      className="square"
    />
    <div
      className="square"
    />
    <div
      className="square"
    />
    <div
      className="square"
    />
    <div
      className="square"
    />
    <div
      className="square"
    />
    <div
      className="square"
    />
    <div
      className="square"
    />
    <div
      className="square"
    />
    <div
      className="right square"
    />
  </div>
  <div
    className="row"
  >
    <div
      className="left square"
    />
    <div
      className="square"
    />
    <div
      className="square"
    />
    <div
      className="square"
    />
    <div
      className="square"
    />
    <div
      className="square"
    />
    <div
      className="square"
    />
    <div
      className="top left square connector"
    />
    <div
      className="top right square connector"
    />
    <div
      className="square"
    />
    <div
      className="square"
    />
    <div
      className="square"
    />
    <div
      className="square"
    />
    <div
      className="square"
    />
    <div
      className="square"
    />
    <div
      className="right square"
    />
  </div>
  <div
    className="row"
  >
    <div
      className="left square"
    />
    <div
      className="square"
    />
    <div
      className="square"
    />
    <div
      className="square"
    />
    <div
      className="square"
    />
    <div
      className="square"
    />
    <div
      className="square"
    />
    <div
      className="bottom left square connector"
    />
    <div
      className="bottom right square connector"
    />
    <div
      className="square"
    />
    <div
      className="square"
    />
    <div
      className="square"
    />
    <div
      className="square"
    />
    <div
      className="square"
    />
    <div
      className="square"
    />
    <div
      className="right square"
    />
  </div>
  <div
    className="row"
  >
    <div
      className="left square"
    />
    <div
      className="square"
    />
    <div
      className="square"
    />
    <div
      className="square"
    />
    <div
      className="square"
    />
    <div
      className="square"
    />
    <div
      className="square"
    />
    <div
      className="square"
    />
    <div
      className="square"
    />
    <div
      className="square"
    />
    <div
      className="square"
    />
    <div
      className="square"
    />
    <div
      className="square"
    />
    <div
      className="square"
    />
    <div
      className="square"
    />
    <div
      className="right square"
    />
  </div>
  <div
    className="row"
  >
    <div
      className="left square"
    />
    <div
      className="square"
    />
    <div
      className="square"
    />
    <div
      className="square"
    />
    <div
      className="square"
    />
    <div
      className="square"
    />
    <div
      className="square"
    />
    <div
      className="square"
    />
    <div
      className="square"
    />
    <div
      className="square"
    />
    <div
      className="square"
    />
    <div
      className="square"
    />
    <div
      className="square"
    />
    <div
      className="square"
    />
    <div
      className="square"
    />
    <div
      className="right square"
    />
  </div>
  <div
    className="row"
  >
    <div
      className="left square"
    />
    <div
      className="square"
    />
    <div
      className="square"
    />
    <div
      className="square"
    />
    <div
      className="square"
    />
    <div
      className="square"
    />
    <div
      className="square"
    />
    <div
      className="square"
    />
    <div
      className="square"
    />
    <div
      className="square"
    />
    <div
      className="square"
    />
    <div
      className="square"
    />
    <div
      className="square"
    />
    <div
      className="square"
    />
    <div
      className="square"
    />
    <div
      className="right square"
    />
  </div>
  <div
    className="row"
  >
    <div
      className="left square"
    />
    <div
      className="square"
    />
    <div
      className="square"
    />
    <div
      className="square"
    />
    <div
      className="square"
    />
    <div
      className="square"
    />
    <div
      className="square"
    />
    <div
      className="square"
    />
    <div
      className="square"
    />
    <div
      className="square"
    />
    <div
      className="square"
    />
    <div
      className="square"
    />
    <div
      className="square"
    />
    <div
      className="square"
    />
    <div
      className="square"
    />
    <div
      className="right square"
    />
  </div>
  <div
    className="row"
  >
    <div
      className="left square"
    />
    <div
      className="square"
    />
    <div
      className="square"
    />
    <div
      className="square"
    />
    <div
      className="square"
    />
    <div
      className="square"
    />
    <div
      className="square"
    />
    <div
      className="square"
    />
    <div
      className="square"
    />
    <div
      className="square"
    />
    <div
      className="square"
    />
    <div
      className="square"
    />
    <div
      className="square"
    />
    <div
      className="square"
    />
    <div
      className="square"
    />
    <div
      className="right square"
    />
  </div>
  <div
    className="row"
  >
    <div
      className="left square"
    />
    <div
      className="square"
    />
    <div
      className="square"
    />
    <div
      className="square"
    />
    <div
      className="square"
    />
    <div
      className="square"
    />
    <div
      className="square"
    />
    <div
      className="square"
    />
    <div
      className="square"
    />
    <div
      className="square"
    />
    <div
      className="square"
    />
    <div
      className="square"
    />
    <div
      className="square"
    />
    <div
      className="square"
    />
    <div
      className="square"
    />
    <div
      className="right square"
    />
  </div>
  <div
    className="row"
  >
    <div
      className="bottom left square"
    />
    <div
      className="bottom square"
    />
    <div
      className="bottom square"
    />
    <div
      className="bottom square"
    />
    <div
      className="bottom square"
    />
    <div
      className="bottom square"
    />
    <div
      className="bottom square"
    />
    <div
      className="bottom square"
    />
    <div
      className="bottom square"
    />
    <div
      className="bottom square"
    />
    <div
      className="bottom square"
    />
    <div
      className="bottom square"
    />
    <div
      className="bottom square"
    />
    <div
      className="bottom square"
    />
    <div
      className="bottom square"
    />
    <div
      className="bottom right square"
    />
  </div>
</div>
`;
